Archive member included to satisfy reference by file (symbol)

build/cooja/mtype313.a(simEnvChange.o)
                              build/cooja/mtype313.o (simDontFallAsleep)
build/cooja/mtype313.a(cooja_mt.o)
                              build/cooja/mtype313.o (cooja_mt_start)
build/cooja/mtype313.a(cooja_mtarch.o)
                              build/cooja/mtype313.a(cooja_mt.o) (cooja_mtarch_start)
build/cooja/mtype313.a(rtimer-arch.o)
                              build/cooja/mtype313.o (rtimer_arch_check)
build/cooja/mtype313.a(beep.o)
                              build/cooja/mtype313.o (beep_interface)
build/cooja/mtype313.a(leds-arch.o)
                              build/cooja/mtype313.o (leds_interface)
build/cooja/mtype313.a(moteid.o)
                              build/cooja/mtype313.o (moteid_interface)
build/cooja/mtype313.a(pir-sensor.o)
                              build/cooja/mtype313.o (pir_interface)
build/cooja/mtype313.a(rs232.o)
                              build/cooja/mtype313.o (rs232_interface)
build/cooja/mtype313.a(vib-sensor.o)
                              build/cooja/mtype313.o (vib_interface)
build/cooja/mtype313.a(clock.o)
                              build/cooja/mtype313.o (clock_interface)
build/cooja/mtype313.a(cooja-log.o)
                              build/cooja/mtype313.o (simlog_interface)
build/cooja/mtype313.a(cfs-cooja.o)
                              build/cooja/mtype313.o (cfs_interface)
build/cooja/mtype313.a(cooja-radio.o)
                              build/cooja/mtype313.o (radio_interface)
build/cooja/mtype313.a(eeprom.o)
                              build/cooja/mtype313.o (eeprom_interface)
build/cooja/mtype313.a(random.o)
                              build/cooja/mtype313.a(moteid.o) (random_init)
build/cooja/mtype313.a(sensors.o)
                              build/cooja/mtype313.a(pir-sensor.o) (sensors_changed)
build/cooja/mtype313.a(leds.o)
                              build/cooja/mtype313.a(leds-arch.o) (leds_get)
build/cooja/mtype313.a(gpio-hal-arch.o)
                              build/cooja/mtype313.a(leds-arch.o) (gpio_hal_arch_register_pin_callback)
build/cooja/mtype313.a(buttons.o)
                              build/cooja/mtype313.o (button_interface)
build/cooja/mtype313.a(res_humidity.o)
                              device.o (res_humidity)
build/cooja/mtype313.a(coap-engine.o)
                              device.o (coap_activate_resource)
build/cooja/mtype313.a(coap-res-well-k)
                              build/cooja/mtype313.a(coap-engine.o) (res_well_known_core)
build/cooja/mtype313.a(coap-observe.o)
                              build/cooja/mtype313.a(coap-engine.o) (coap_remove_observer_by_mid)
build/cooja/mtype313.a(coap-uip.o)
                              build/cooja/mtype313.a(coap-observe.o) (coap_endpoint_copy)
build/cooja/mtype313.a(coap-timer.o)
                              build/cooja/mtype313.a(coap-engine.o) (coap_timer_set)
build/cooja/mtype313.a(coap-transactio)
                              build/cooja/mtype313.a(coap-engine.o) (coap_send_transaction)
build/cooja/mtype313.a(coap.o)
                              build/cooja/mtype313.a(coap-engine.o) (coap_status_code)
build/cooja/mtype313.a(contiki-main.o)
                              build/cooja/mtype313.o (main)
build/cooja/mtype313.a(autostart.o)
                              build/cooja/mtype313.a(contiki-main.o) (autostart_start)
build/cooja/mtype313.a(ctimer.o)
                              build/cooja/mtype313.a(contiki-main.o) (ctimer_init)
build/cooja/mtype313.a(log.o)
                              build/cooja/mtype313.a(contiki-main.o) (curr_log_level_main)
build/cooja/mtype313.a(energest.o)
                              build/cooja/mtype313.a(contiki-main.o) (energest_init)
build/cooja/mtype313.a(etimer.o)
                              build/cooja/mtype313.a(contiki-main.o) (etimer_process)
build/cooja/mtype313.a(node-id.o)
                              build/cooja/mtype313.a(contiki-main.o) (node_id)
build/cooja/mtype313.a(rtimer.o)
                              build/cooja/mtype313.a(contiki-main.o) (rtimer_init)
build/cooja/mtype313.a(process.o)
                              build/cooja/mtype313.a(ctimer.o) (process_current)
build/cooja/mtype313.a(timer.o)
                              build/cooja/mtype313.a(etimer.o) (timer_set)
build/cooja/mtype313.a(list.o)
                              build/cooja/mtype313.a(coap-engine.o) (list_init)
build/cooja/mtype313.a(memb.o)
                              build/cooja/mtype313.a(coap-observe.o) (memb_alloc)
build/cooja/mtype313.a(button-hal.o)
                              build/cooja/mtype313.o (button_hal_init)
build/cooja/mtype313.a(serial-line.o)
                              build/cooja/mtype313.a(rs232.o) (serial_line_input_byte)
build/cooja/mtype313.a(gpio-hal.o)
                              build/cooja/mtype313.a(button-hal.o) (gpio_hal_register_handler)
build/cooja/mtype313.a(queuebuf.o)
[...]
Memory Configuration

Name             Origin             Length             Attributes
*default*        0x0000000000000000 0xffffffffffffffff

Linker script and memory map

LOAD /usr/lib/gcc/i686-linux-gnu/5/../../../i386-linux-gnu/crti.o
LOAD /usr/lib/gcc/i686-linux-gnu/5/crtbeginS.o
LOAD device.o
LOAD build/cooja/mtype313.o
LOAD build/cooja/mtype313.a
LOAD /usr/lib/gcc/i686-linux-gnu/5/libgcc.a
LOAD /usr/lib/gcc/i686-linux-gnu/5/libgcc_s.so
LOAD /usr/lib/gcc/i686-linux-gnu/5/../../../i386-linux-gnu/libc.so
START GROUP
LOAD /lib/i386-linux-gnu/libc.so.6
LOAD /usr/lib/i386-linux-gnu/libc_nonshared.a
LOAD /lib/i386-linux-gnu/ld-linux.so.2
END GROUP
LOAD /usr/lib/gcc/i686-linux-gnu/5/libgcc.a
LOAD /usr/lib/gcc/i686-linux-gnu/5/libgcc_s.so
LOAD /usr/lib/gcc/i686-linux-gnu/5/crtendS.o
LOAD /usr/lib/gcc/i686-linux-gnu/5/../../../i386-linux-gnu/crtn.o
                0x0000000000000114                . = (0x0 + SIZEOF_HEADERS)

.note.gnu.build-id
                0x0000000000000114       0x24
 *(.note.gnu.build-id)
 .note.gnu.build-id
                0x0000000000000114       0x24 /usr/lib/gcc/i686-linux-gnu/5/../../../i386-linux-gnu/crti.o

.hash
 *(.hash)

.gnu.hash       0x0000000000000138     0x1598
 *(.gnu.hash)
 .gnu.hash      0x0000000000000138     0x1598 /usr/lib/gcc/i686-linux-gnu/5/../../../i386-linux-gnu/crti.o

.dynsym         0x00000000000016d0     0x2ee0
 *(.dynsym)
 .dynsym        0x00000000000016d0     0x2ee0 /usr/lib/gcc/i686-linux-gnu/5/../../../i386-linux-gnu/crti.o

.dynstr         0x00000000000045b0     0x3692
 *(.dynstr)
 .dynstr        0x00000000000045b0     0x3692 /usr/lib/gcc/i686-linux-gnu/5/../../../i386-linux-gnu/crti.o

.gnu.version    0x0000000000007c42      0x5dc
 *(.gnu.version)
 .gnu.version   0x0000000000007c42      0x5dc /usr/lib/gcc/i686-linux-gnu/5/../../../i386-linux-gnu/crti.o

.gnu.version_d  0x0000000000008220        0x0
 *(.gnu.version_d)
 .gnu.version_d
                0x0000000000008220        0x0 /usr/lib/gcc/i686-linux-gnu/5/../../../i386-linux-gnu/crti.o

.gnu.version_r  0x0000000000008220       0x40
 *(.gnu.version_r)
 .gnu.version_r
                0x0000000000008220       0x40 /usr/lib/gcc/i686-linux-gnu/5/../../../i386-linux-gnu/crti.o

.rel.dyn        0x0000000000008260     0x9158
 *(.rel.init)
 .rel.init      0x0000000000008260        0x0 /usr/lib/gcc/i686-linux-gnu/5/../../../i386-linux-gnu/crti.o
 *(.rel.text .rel.text.* .rel.gnu.linkonce.t.*)
 .rel.text      0x0000000000008260     0x8768 /usr/lib/gcc/i686-linux-gnu/5/../../../i386-linux-gnu/crti.o
 *(.rel.fini)
 .rel.fini      0x00000000000109c8        0x0 /usr/lib/gcc/i686-linux-gnu/5/../../../i386-linux-gnu/crti.o
 *(.rel.rodata .rel.rodata.* .rel.gnu.linkonce.r.*)
 .rel.rodata    0x00000000000109c8      0x588 /usr/lib/gcc/i686-linux-gnu/5/../../../i386-linux-gnu/crti.o
 *(.rel.data.rel.ro .rel.data.rel.ro.* .rel.gnu.linkonce.d.rel.ro.*)
 *(.rel.data .rel.data.* .rel.gnu.linkonce.d.*)
 .rel.data.rel.local
                0x0000000000010f50        0x8 /usr/lib/gcc/i686-linux-gnu/5/../../../i386-linux-gnu/crti.o
 .rel.data      0x0000000000010f58      0x428 /usr/lib/gcc/i686-linux-gnu/5/../../../i386-linux-gnu/crti.o
 *(.rel.tdata .rel.tdata.* .rel.gnu.linkonce.td.*)
 *(.rel.tbss .rel.tbss.* .rel.gnu.linkonce.tb.*)
 *(.rel.ctors)
 *(.rel.dtors)
 *(.rel.got)
 .rel.got       0x0000000000011380       0x28 /usr/lib/gcc/i686-linux-gnu/5/../../../i386-linux-gnu/crti.o
 *(.rel.bss .rel.bss.* .rel.gnu.linkonce.b.*)
 *(.rel.ifunc)
 .rel.ifunc     0x00000000000113a8        0x0 /usr/lib/gcc/i686-linux-gnu/5/../../../i386-linux-gnu/crti.o
 .rel.fini_array
                0x00000000000113a8        0x8 /usr/lib/gcc/i686-linux-gnu/5/../../../i386-linux-gnu/crti.o
 .rel.init_array
                0x00000000000113b0        0x8 /usr/lib/gcc/i686-linux-gnu/5/../../../i386-linux-gnu/crti.o

.rel.plt        0x00000000000113b8        0x0
 *(.rel.plt)
 .rel.plt       0x00000000000113b8        0x0 /usr/lib/gcc/i686-linux-gnu/5/../../../i386-linux-gnu/crti.o
 *(.rel.iplt)

.init           0x00000000000113b8       0x23
 *(SORT(.init))
 .init          0x00000000000113b8       0x1e /usr/lib/gcc/i686-linux-gnu/5/../../../i386-linux-gnu/crti.o
                0x00000000000113b8                _init
 .init          0x00000000000113d6        0x5 /usr/lib/gcc/i686-linux-gnu/5/../../../i386-linux-gnu/crtn.o

.plt            0x00000000000113e0       0x10
 *(.plt)
 .plt           0x00000000000113e0       0x10 /usr/lib/gcc/i686-linux-gnu/5/../../../i386-linux-gnu/crti.o
 *(.iplt)

.plt.got        0x00000000000113f0       0x10
 *(.plt.got)
 .plt.got       0x00000000000113f0       0x10 /usr/lib/gcc/i686-linux-gnu/5/../../../i386-linux-gnu/crti.o

.text           0x0000000000011400    0x18682
 *(.text.unlikely .text.*_unlikely .text.unlikely.*)
 .text.unlikely
                0x0000000000011400        0x0 /usr/lib/gcc/i686-linux-gnu/5/crtbeginS.o
 .text.unlikely
                0x0000000000011400        0x0 /usr/lib/gcc/i686-linux-gnu/5/libgcc.a(_udivdi3.o)
 *(.text.exit .text.exit.*)
 *(.text.startup .text.startup.*)
 *(.text.hot .text.hot.*)
 *(.text .stub .text.* .gnu.linkonce.t.*)
 .text          0x0000000000011400        0x0 /usr/lib/gcc/i686-linux-gnu/5/../../../i386-linux-gnu/crti.o
 .gnu.linkonce.t.__x86.get_pc_thunk.bx
                0x0000000000011400        0x4 /usr/lib/gcc/i686-linux-gnu/5/../../../i386-linux-gnu/crti.o
                0x0000000000011400                __x86.get_pc_thunk.bx
 *fill*         0x0000000000011404        0xc 
 .text          0x0000000000011410      0x11c /usr/lib/gcc/i686-linux-gnu/5/crtbeginS.o
 .text.__x86.get_pc_thunk.dx
                0x000000000001152c        0x4 /usr/lib/gcc/i686-linux-gnu/5/crtbeginS.o
                0x000000000001152c                __x86.get_pc_thunk.dx
 .text          0x0000000000011530       0xcd device.o
 .text          0x00000000000115fd      0x283 build/cooja/mtype313.o
                0x000000000001168f                platform_init_stage_one
                0x00000000000116a2                platform_init_stage_two
                0x00000000000116b5                platform_init_stage_three
                0x00000000000116c8                platform_main_loop
                0x000000000001173b                Java_org_contikios_cooja_corecomm_Lib3_init
                0x0000000000011772                Java_org_contikios_cooja_corecomm_Lib3_getMemory
                0x00000000000117a5                Java_org_contikios_cooja_corecomm_Lib3_setMemory
                0x0000000000011805                Java_org_contikios_cooja_corecomm_Lib3_tick
                0x000000000001186d                Java_org_contikios_cooja_corecomm_Lib3_setReferenceAddress
 .text          0x0000000000011880       0x65 build/cooja/mtype313.a(simEnvChange.o)
                0x0000000000011880                doActionsBeforeTick
                0x00000000000118b2                doActionsAfterTick
 .text          0x00000000000118e5       0x83 build/cooja/mtype313.a(cooja_mt.o)
                0x00000000000118e5                cooja_mt_start
                0x000000000001190f                cooja_mt_exec
                0x0000000000011945                cooja_mt_yield
 .text          0x0000000000011968       0xbe build/cooja/mtype313.a(cooja_mtarch.o)
                0x0000000000011968                cooja_mtarch_start
                0x00000000000119db                cooja_sw
                0x00000000000119fe                cooja_mtarch_exec
                0x0000000000011a1b                cooja_mtarch_yield
 .text          0x0000000000011a26       0xc5 build/cooja/mtype313.a(rtimer-arch.o)
                0x0000000000011a26                rtimer_arch_init
                0x0000000000011a4a                rtimer_arch_schedule
                0x0000000000011a7a                rtimer_arch_next
                0x0000000000011a8a                rtimer_arch_pending
                0x0000000000011a94                rtimer_arch_check
                0x0000000000011adb                rtimer_arch_now
 .text          0x0000000000011aeb       0x81 build/cooja/mtype313.a(beep.o)
                0x0000000000011aeb                beep_alarm
                0x0000000000011af8                beep_beep
                0x0000000000011b05                beep
                0x0000000000011b12                beep_down
                0x0000000000011b1f                beep_on
                0x0000000000011b2c                beep_off
                0x0000000000011b39                beep_spinup
                0x0000000000011b46                beep_quick
                0x0000000000011b53                beep_long
 .text          0x0000000000011b6c       0x65 build/cooja/mtype313.a(leds-arch.o)
                0x0000000000011b7f                leds_arch_init
 .text          0x0000000000011bd1       0x35 build/cooja/mtype313.a(moteid.o)
 .text          0x0000000000011c06       0xb7 build/cooja/mtype313.a(pir-sensor.o)
 .text          0x0000000000011cbd      0x148 build/cooja/mtype313.a(rs232.o)
                0x0000000000011cbd                rs232_init
                0x0000000000011cc3                rs232_set_speed
                0x0000000000011cd2                rs232_set_input
                0x0000000000011ce0                rs232_send
                0x0000000000011d04                rs232_print
                0x0000000000011d20                slip_arch_writeb
 .text          0x0000000000011e05       0xb7 build/cooja/mtype313.a(vib-sensor.o)
 .text          0x0000000000011ebc       0x38 build/cooja/mtype313.a(clock.o)
                0x0000000000011ebc                clock_init
                0x0000000000011ec2                clock_time
                0x0000000000011ecc                clock_seconds
                0x0000000000011ee2                clock_delay
 .text          0x0000000000011ef4      0x219 build/cooja/mtype313.a(cooja-log.o)
                0x0000000000011ef4                simlog_char
                0x0000000000011f37                simlog
                0x0000000000011fad                log_message
                0x0000000000011fde                log_set_putchar_with_slip
                0x0000000000011fec                log_putchar
                0x0000000000012067                log_puts
                0x000000000001208f                log_printf
 .text          0x000000000001210d      0x2b9 build/cooja/mtype313.a(cfs-cooja.o)
                0x000000000001210d                cfs_open
                0x0000000000012176                cfs_close
                0x0000000000012183                cfs_read
                0x0000000000012218                cfs_write
                0x00000000000122f4                cfs_seek
                0x000000000001237c                cfs_remove
                0x00000000000123a0                cfs_opendir
                0x00000000000123aa                cfs_readdir
                0x00000000000123b4                cfs_closedir
 .text          0x00000000000123c6      0x620 build/cooja/mtype313.a(cooja-radio.o)
                0x0000000000012408                radio_set_channel
                0x0000000000012416                radio_set_txpower
                0x000000000001242e                radio_signal_strength_last
                0x0000000000012438                radio_signal_strength_current
                0x0000000000012442                radio_LQI
 .text          0x00000000000129e6       0xee build/cooja/mtype313.a(eeprom.o)
                0x00000000000129e6                eeprom_init
                0x00000000000129ec                eeprom_read
                0x0000000000012a5a                eeprom_write
 .text          0x0000000000012ad4       0x2d build/cooja/mtype313.a(random.o)
                0x0000000000012ad4                random_init
                0x0000000000012af4                random_rand
 .text          0x0000000000012b01      0x29c build/cooja/mtype313.a(sensors.o)
                0x0000000000012b3c                sensors_first
                0x0000000000012b46                sensors_next
                0x0000000000012b60                sensors_changed
                0x0000000000012b94                sensors_find
 .text          0x0000000000012d9d      0x349 build/cooja/mtype313.a(leds.o)
                0x0000000000012d9d                leds_init
                0x0000000000012de4                leds_single_on
                0x0000000000012e43                leds_single_off
                0x0000000000012ea2                leds_single_toggle
                0x0000000000012ed4                leds_on
                0x0000000000012f56                leds_off
                0x0000000000012fd8                leds_toggle
                0x000000000001302d                leds_set
                0x0000000000013059                leds_get
 .text          0x00000000000130e6      0x343 build/cooja/mtype313.a(gpio-hal-arch.o)
                0x00000000000130e6                gpio_hal_arch_register_pin_callback
                0x0000000000013152                gpio_hal_arch_init
                0x0000000000013197                gpio_hal_arch_no_port_interrupt_enable
                0x00000000000131c7                gpio_hal_arch_no_port_interrupt_disable
                0x00000000000131f7                gpio_hal_arch_no_port_pin_cfg_set
                0x000000000001321c                gpio_hal_arch_no_port_pin_cfg_get
                0x0000000000013242                gpio_hal_arch_no_port_pin_set_input
                0x0000000000013254                gpio_hal_arch_no_port_pin_set_output
                0x0000000000013266                gpio_hal_arch_no_port_set_pin
                0x0000000000013287                gpio_hal_arch_no_port_clear_pin
                0x00000000000132a8                gpio_hal_arch_no_port_read_pin
                0x00000000000132ce                gpio_hal_arch_no_port_write_pin
                0x00000000000132f8                gpio_hal_arch_no_port_set_pins
                0x000000000001333f                gpio_hal_arch_no_port_clear_pins
                0x0000000000013386                gpio_hal_arch_no_port_read_pins
                0x00000000000133c9                gpio_hal_arch_no_port_write_pins
 .text          0x0000000000013429       0x89 build/cooja/mtype313.a(buttons.o)
 .text          0x00000000000134b2       0x95 build/cooja/mtype313.a(res_humidity.o)
 .text          0x0000000000013547      0xbea build/cooja/mtype313.a(coap-engine.o)
                0x00000000000135dc                coap_add_handler
                0x00000000000135f9                coap_remove_handler
                0x0000000000013616                coap_call_handlers
                0x000000000001371e                coap_receive
                0x0000000000013d19                coap_engine_init
                0x0000000000013d77                coap_activate_resource
                0x0000000000013e22                coap_get_first_resource
                0x0000000000013e3b                coap_get_next_resource
 .text          0x0000000000014131      0x2d9 build/cooja/mtype313.a(coap-res-well-k)
 .text          0x000000000001440a      0x96a build/cooja/mtype313.a(coap-observe.o)
                0x000000000001451f                coap_remove_observer
                0x000000000001454f                coap_remove_observer_by_client
                0x00000000000145b7                coap_remove_observer_by_token
                0x000000000001464a                coap_remove_observer_by_uri
                0x00000000000146f1                coap_remove_observer_by_mid
                0x000000000001476d                coap_notify_observers
                0x0000000000014786                coap_notify_observers_sub
                0x0000000000014bf0                coap_observe_handler
                0x0000000000014d0b                coap_has_observers
 .text          0x0000000000014d74      0x733 build/cooja/mtype313.a(coap-uip.o)
                0x0000000000014d74                coap_endpoint_log
                0x0000000000014dfa                coap_endpoint_print
                0x0000000000014e80                coap_endpoint_snprint
                0x0000000000014fb3                coap_endpoint_copy
                0x0000000000014ff0                coap_endpoint_cmp
                0x00000000000150fe                coap_endpoint_parse
                0x00000000000152e9                coap_endpoint_is_secure
                0x00000000000152f8                coap_endpoint_is_connected
                0x000000000001532c                coap_endpoint_connect
                0x0000000000015348                coap_endpoint_disconnect
                0x000000000001534e                coap_databuf
                0x0000000000015358                coap_transport_init
                0x00000000000153a8                coap_sendto
 .text          0x00000000000154a7      0x324 build/cooja/mtype313.a(coap-timer.o)
                0x00000000000155a4                coap_timer_stop
                0x00000000000155cf                coap_timer_set
                0x0000000000015612                coap_timer_reset
                0x0000000000015655                coap_timer_time_to_next_expiration
                0x00000000000156c1                coap_timer_run
                0x000000000001578d                coap_timer_init
 .text          0x00000000000157cb      0x2c6 build/cooja/mtype313.a(coap-transactio)
                0x0000000000015831                coap_new_transaction
                0x0000000000015897                coap_send_transaction
                0x00000000000159f8                coap_clear_transaction
                0x0000000000015a40                coap_get_transaction_by_mid
 .text          0x0000000000015a91     0x1c53 build/cooja/mtype313.a(coap.o)
                0x0000000000015ffe                coap_init_connection
                0x0000000000016012                coap_get_mid
                0x000000000001602e                coap_init_message
                0x0000000000016077                coap_serialize_message
                0x00000000000166f9                coap_parse_message
                0x0000000000016d60                coap_get_query_variable
                0x0000000000016da2                coap_get_post_variable
                0x0000000000016de6                coap_set_status_code
                0x0000000000016e0b                coap_set_token
                0x0000000000016e52                coap_get_header_content_format
                0x0000000000016e83                coap_set_header_content_format
                0x0000000000016ea6                coap_get_header_accept
                0x0000000000016ed7                coap_set_header_accept
                0x0000000000016efa                coap_get_header_max_age
                0x0000000000016f2b                coap_set_header_max_age
                0x0000000000016f4b                coap_get_header_etag
                0x0000000000016f7d                coap_set_header_etag
                0x0000000000016fd4                coap_get_header_if_match
                0x0000000000017006                coap_set_header_if_match
                0x000000000001705d                coap_get_header_if_none_match
                0x0000000000017077                coap_set_header_if_none_match
                0x000000000001708e                coap_get_header_proxy_uri
                0x00000000000170bc                coap_set_header_proxy_uri
                0x00000000000170f9                coap_get_header_uri_host
                0x0000000000017127                coap_set_header_uri_host
                0x0000000000017164                coap_get_header_uri_path
                0x0000000000017192                coap_set_header_uri_path
                0x00000000000171df                coap_get_header_uri_query
                0x0000000000017213                coap_set_header_uri_query
                0x0000000000017269                coap_get_header_location_path
                0x0000000000017297                coap_set_header_location_path
                0x0000000000017330                coap_get_header_location_query
                0x000000000001735e                coap_set_header_location_query
                0x00000000000173ab                coap_get_header_observe
                0x00000000000173da                coap_set_header_observe
                0x00000000000173fa                coap_get_header_block2
                0x0000000000017466                coap_set_header_block2
                0x00000000000174dd                coap_get_header_block1
                0x0000000000017552                coap_set_header_block1
                0x00000000000175cd                coap_get_header_size2
                0x00000000000175fd                coap_set_header_size2
                0x0000000000017620                coap_get_header_size1
                0x0000000000017650                coap_set_header_size1
                0x0000000000017673                coap_get_payload
                0x00000000000176ad                coap_set_payload
 .text          0x00000000000176e4      0x332 build/cooja/mtype313.a(contiki-main.o)
                0x00000000000176e4                main
 .text          0x0000000000017a16       0x92 build/cooja/mtype313.a(autostart.o)
                0x0000000000017a16                autostart_start
                0x0000000000017a60                autostart_exit
 .text          0x0000000000017aa8      0x355 build/cooja/mtype313.a(ctimer.o)
                0x0000000000017bd0                ctimer_init
                0x0000000000017c03                ctimer_set
                0x0000000000017c29                ctimer_set_with_process
                0x0000000000017ca6                ctimer_reset
                0x0000000000017cfa                ctimer_restart
                0x0000000000017d4e                ctimer_stop
                0x0000000000017d9e                ctimer_expired
 .text          0x0000000000017dfd      0x394 build/cooja/mtype313.a(log.o)
                0x0000000000017dfd                log_6addr
                0x0000000000017e50                log_6addr_compact_snprint
                0x0000000000017eee                log_6addr_compact
                0x0000000000017f41                log_lladdr
                0x0000000000017fb3                log_lladdr_compact
                0x000000000001801b                log_set_level
                0x00000000000180d6                log_get_level
                0x000000000001814f                log_level_to_str
 .text          0x0000000000018191       0x1b build/cooja/mtype313.a(energest.o)
                0x0000000000018191                energest_init
                0x0000000000018197                energest_flush
                0x000000000001819d                energest_get_total_time
 .text          0x00000000000181ac      0x43f build/cooja/mtype313.a(etimer.o)
                0x00000000000183d0                etimer_request_poll
                0x0000000000018459                etimer_set
                0x0000000000018482                etimer_reset_with_new_interval
                0x00000000000184b1                etimer_reset
                0x00000000000184d7                etimer_restart
                0x00000000000184fd                etimer_adjust
                0x000000000001851a                etimer_expired
                0x000000000001852d                etimer_expiration_time
                0x000000000001853f                etimer_start_time
                0x0000000000018549                etimer_pending
                0x000000000001855b                etimer_next_expiration_time
                0x0000000000018575                etimer_stop
 .text          0x00000000000185eb       0x25 build/cooja/mtype313.a(node-id.o)
                0x00000000000185eb                node_id_init
 .text          0x0000000000018610       0xeb build/cooja/mtype313.a(rtimer.o)
                0x0000000000018610                rtimer_init
                0x000000000001861e                rtimer_set
                0x0000000000018699                rtimer_run_next
 .text          0x00000000000186fb      0x4fb build/cooja/mtype313.a(process.o)
                0x00000000000186fb                process_alloc_event
                0x0000000000018710                process_start
                0x00000000000188ea                process_exit
                0x0000000000018907                process_init
                0x0000000000018a9c                process_run
                0x0000000000018acf                process_nevents
                0x0000000000018aea                process_post
                0x0000000000018b7d                process_post_synch
                0x0000000000018bb2                process_poll
                0x0000000000018be2                process_is_running
 .text          0x0000000000018bf6       0xb1 build/cooja/mtype313.a(timer.o)
                0x0000000000018bf6                timer_set
                0x0000000000018c14                timer_reset
                0x0000000000018c41                timer_restart
                0x0000000000018c56                timer_expired
                0x0000000000018c83                timer_remaining
 .text          0x0000000000018ca7      0x28f build/cooja/mtype313.a(list.o)
                0x0000000000018ca7                list_init
                0x0000000000018cb6                list_head
                0x0000000000018cc0                list_copy
                0x0000000000018cd0                list_tail
                0x0000000000018d06                list_add
                0x0000000000018d52                list_push
                0x0000000000018d7e                list_chop
                0x0000000000018de8                list_pop
                0x0000000000018e10                list_remove
                0x0000000000018e78                list_length
                0x0000000000018ea6                list_insert
                0x0000000000018eeb                list_item_next
                0x0000000000018f02                list_contains
 .text          0x0000000000018f36      0x1b5 build/cooja/mtype313.a(memb.o)
                0x0000000000018f36                memb_init
                0x0000000000018f8b                memb_alloc
                0x0000000000018fee                memb_free
                0x0000000000019065                memb_inmemb
                0x00000000000190a4                memb_numfree
 .text          0x00000000000190eb      0x41c build/cooja/mtype313.a(button-hal.o)
                0x0000000000019264                button_hal_get_by_id
                0x00000000000192a2                button_hal_get_by_index
                0x00000000000192ce                button_hal_get_state
                0x0000000000019320                button_hal_init
 .text          0x0000000000019507      0x1f3 build/cooja/mtype313.a(serial-line.o)
                0x0000000000019507                serial_line_input_byte
                0x00000000000196c5                serial_line_init
 .text          0x00000000000196fa      0x168 build/cooja/mtype313.a(gpio-hal.o)
                0x00000000000196fa                gpio_hal_register_handler
                0x0000000000019717                gpio_hal_event_handler
                0x0000000000019773                gpio_hal_init
                0x0000000000019792                gpio_hal_arch_port_toggle_pin
                0x00000000000197ce                gpio_hal_arch_port_toggle_pins
                0x00000000000197fc                gpio_hal_arch_no_port_toggle_pin
                0x000000000001983a                gpio_hal_arch_no_port_toggle_pins
 .text          0x0000000000019862      0x2e7 build/cooja/mtype313.a(queuebuf.o)
                0x000000000001986c                queuebuf_init
                0x0000000000019895                queuebuf_numfree
                0x00000000000198ad                queuebuf_new_from_packetbuf
                0x000000000001994c                queuebuf_update_attr_from_packetbuf
                0x0000000000019981                queuebuf_update_from_packetbuf
                0x00000000000199d1                queuebuf_free
                0x0000000000019a1a                queuebuf_to_packetbuf
                0x0000000000019a86                queuebuf_dataptr
                0x0000000000019ac0                queuebuf_datalen
                0x0000000000019ae3                queuebuf_addr
                0x0000000000019b18                queuebuf_attr
                0x0000000000019b43                queuebuf_debug_print
 .text          0x0000000000019b49      0x407 build/cooja/mtype313.a(packetbuf.o)
                0x0000000000019b49                packetbuf_clear
                0x0000000000019b74                packetbuf_copyfrom
                0x0000000000019bc3                packetbuf_copyto
                0x0000000000019c56                packetbuf_hdralloc
                0x0000000000019cd2                packetbuf_hdrreduce
                0x0000000000019d18                packetbuf_set_datalen
                0x0000000000019d32                packetbuf_dataptr
                0x0000000000019d4f                packetbuf_hdrptr
                0x0000000000019d59                packetbuf_datalen
                0x0000000000019d65                packetbuf_hdrlen
                0x0000000000019d7c                packetbuf_totlen
                0x0000000000019d92                packetbuf_remaininglen
                0x0000000000019da5                packetbuf_attr_clear
                0x0000000000019df1                packetbuf_attr_copyto
                0x0000000000019e49                packetbuf_attr_copyfrom
                0x0000000000019ea1                packetbuf_set_attr
                0x0000000000019ecb                packetbuf_attr
                0x0000000000019ee5                packetbuf_set_addr
                0x0000000000019f16                packetbuf_addr
                0x0000000000019f33                packetbuf_holds_broadcast
 .text          0x0000000000019f50       0xef build/cooja/mtype313.a(netstack.o)
                0x0000000000019f50                netstack_process_ip_callback
                0x0000000000019fe1                netstack_ip_packet_processor_add
                0x000000000001a004                uip_ds6_ip_packet_processor_rm
                0x000000000001a021                netstack_init
 .text          0x000000000001a03f       0x4f build/cooja/mtype313.a(linkaddr.o)
                0x000000000001a03f                linkaddr_copy
                0x000000000001a055                linkaddr_cmp
                0x000000000001a078                linkaddr_set_node_addr
 .text          0x000000000001a08e      0x1f6 build/cooja/mtype313.a(csma.o)
 .text          0x000000000001a284      0x95d build/cooja/mtype313.a(csma-output.o)
                0x000000000001a91b                csma_output_packet
                0x000000000001aba8                csma_output_init
 .text          0x000000000001abe1      0xc11 build/cooja/mtype313.a(uip-ds6.o)
                0x000000000001abe1                uip_ds6_default_prefix
                0x000000000001abeb                uip_ds6_set_default_prefix
                0x000000000001ac16                uip_ds6_init
                0x000000000001ae78                uip_ds6_periodic
                0x000000000001aeff                uip_ds6_list_loop
                0x000000000001afbf                uip_ds6_prefix_add
                0x000000000001b06b                uip_ds6_prefix_rm
                0x000000000001b07e                uip_ds6_prefix_lookup
                0x000000000001b0bd                uip_ds6_is_addr_onlink
                0x000000000001b130                uip_ds6_addr_add
                0x000000000001b250                uip_ds6_addr_rm
                0x000000000001b2f9                uip_ds6_addr_lookup
                0x000000000001b332                uip_ds6_get_link_local
                0x000000000001b3b3                uip_ds6_get_global
                0x000000000001b434                uip_ds6_maddr_add
                0x000000000001b494                uip_ds6_maddr_rm
                0x000000000001b4a7                uip_ds6_maddr_lookup
                0x000000000001b4e0                uip_ds6_aaddr_add
                0x000000000001b540                uip_ds6_aaddr_rm
                0x000000000001b553                uip_ds6_aaddr_lookup
                0x000000000001b58c                uip_ds6_select_src
                0x000000000001b6d5                uip_ds6_set_addr_iid
                0x000000000001b700                uip_ds6_set_lladdr_from_iid
                0x000000000001b729                get_match_length
                0x000000000001b7ba                uip_ds6_compute_reachable_time
 .text          0x000000000001b7f2      0x128 build/cooja/mtype313.a(uip-udp-packet.)
                0x000000000001b7f2                uip_udp_packet_send
                0x000000000001b84d                uip_udp_packet_sendto
 .text          0x000000000001b91a      0xa3c build/cooja/mtype313.a(uip-ds6-route.o)
                0x000000000001ba04                uip_ds6_notification_add
                0x000000000001ba36                uip_ds6_notification_rm
                0x000000000001ba53                uip_ds6_route_init
                0x000000000001baf2                uip_ds6_route_nexthop
                0x000000000001bb21                uip_ds6_route_head
                0x000000000001bb3a                uip_ds6_route_next
                0x000000000001bb63                uip_ds6_route_is_nexthop
                0x000000000001bba5                uip_ds6_route_num_routes
                0x000000000001bbaf                uip_ds6_route_lookup
                0x000000000001bc86                uip_ds6_route_add
                0x000000000001bec6                uip_ds6_route_rm
                0x000000000001c064                uip_ds6_route_rm_by_nexthop
                0x000000000001c0a3                uip_ds6_defrt_head
                0x000000000001c0bc                uip_ds6_defrt_add
                0x000000000001c17d                uip_ds6_defrt_rm
                0x000000000001c1fe                uip_ds6_defrt_lookup
                0x000000000001c265                uip_ds6_defrt_choose
                0x000000000001c2db                uip_ds6_defrt_periodic
 .text          0x000000000001c356      0x6f7 build/cooja/mtype313.a(tcpip.o)
                0x000000000001c370                tcpip_output
                0x000000000001c3ef                udp_attach
                0x000000000001c407                udp_new
                0x000000000001c451                udp_broadcast_new
                0x000000000001c5c3                tcpip_input
                0x000000000001c753                tcpip_ipv6_output
                0x000000000001c947                tcpip_poll_udp
                0x000000000001c965                tcpip_uipcall
 .text          0x000000000001ca4d     0x1205 build/cooja/mtype313.a(uip6.o)
                0x000000000001cafc                uip_chksum
                0x000000000001cbd3                uip_icmp6chksum
                0x000000000001cbe8                uip_udpchksum
                0x000000000001cbfd                uip_init
                0x000000000001cc46                uip_remove_ext_hdr
                0x000000000001cd20                uip_udp_new
                0x000000000001d034                uip_process
                0x000000000001db2c                uip_htons
                0x000000000001db4e                uip_htonl
                0x000000000001db8c                uip_send
 .text          0x000000000001dc52      0x369 build/cooja/mtype313.a(uip-ds6-nbr.o)
                0x000000000001dc52                uip_ds6_neighbors_init
                0x000000000001dc76                uip_ds6_nbr_add
                0x000000000001dcfc                uip_ds6_nbr_rm
                0x000000000001dd47                uip_ds6_nbr_update_ll
                0x000000000001de35                uip_ds6_nbr_get_ipaddr
                0x000000000001de4a                uip_ds6_nbr_get_ll
                0x000000000001de66                uip_ds6_nbr_num
                0x000000000001deaf                uip_ds6_nbr_head
                0x000000000001dec8                uip_ds6_nbr_next
                0x000000000001dee4                uip_ds6_nbr_lookup
                0x000000000001df3c                uip_ds6_nbr_ll_lookup
                0x000000000001df58                uip_ds6_nbr_ipaddr_from_lladdr
                0x000000000001df81                uip_ds6_nbr_lladdr_from_ipaddr
                0x000000000001dfb5                uip_ds6_link_callback
 .text          0x000000000001dfbb      0x6a7 build/cooja/mtype313.a(uip-nd6.o)
                0x000000000001e649                uip_nd6_init
 .text          0x000000000001e662     0x2c17 build/cooja/mtype313.a(sicslowpan.o)
                0x000000000001ec69                netstack_sniffer_add
                0x000000000001ec77                netstack_sniffer_remove
                0x000000000002124d                sicslowpan_init
                0x000000000002126f                sicslowpan_get_last_rssi
 .text          0x0000000000021279      0x4d1 build/cooja/mtype313.a(uiplib.o)
                0x0000000000021279                uiplib_ip6addrconv
                0x0000000000021431                uiplib_ip4addrconv
                0x00000000000214f4                uiplib_ipaddr_print
                0x0000000000021547                uiplib_ipaddr_snprint
 .text          0x000000000002174a      0x4c9 build/cooja/mtype313.a(rpl.o)
                0x000000000002174a                rpl_lollipop_greater_than
                0x00000000000217a4                rpl_get_global_address
                0x000000000002189c                rpl_link_callback
                0x00000000000218e0                rpl_has_joined
                0x0000000000021905                rpl_is_reachable
                0x0000000000021986                rpl_reset_prefix
                0x00000000000219f0                rpl_set_prefix_from_addr
                0x0000000000021ad5                rpl_set_prefix
                0x0000000000021bef                rpl_set_leaf_only
                0x0000000000021c07                rpl_get_leaf_only
 .text          0x0000000000021c13     0x138c build/cooja/mtype313.a(rpl-icmp6.o)
                0x0000000000021d38                rpl_icmp6_update_nbr_table
                0x0000000000021dc1                rpl_icmp6_dis_output
                0x0000000000022407                rpl_icmp6_dio_output
                0x0000000000022c05                rpl_icmp6_dao_output
                0x0000000000022ee6                rpl_icmp6_dao_ack_output
                0x0000000000022f56                rpl_icmp6_init
 .text          0x0000000000022f9f      0x264 build/cooja/mtype313.a(rpl-dag-root.o)
                0x0000000000022f9f                rpl_dag_root_print_links
                0x00000000000230cb                rpl_dag_root_set_prefix
                0x00000000000230f7                rpl_dag_root_start
                0x00000000000231d4                rpl_dag_root_is_root
 .text          0x0000000000023203       0x30 build/cooja/mtype313.a(watchdog.o)
                0x0000000000023203                watchdog_init
                0x0000000000023209                watchdog_start
                0x000000000002320f                watchdog_periodic
                0x0000000000023227                watchdog_stop
                0x000000000002322d                watchdog_reboot
 .text          0x0000000000023233       0x4a build/cooja/mtype313.a(int-master.o)
                0x0000000000023233                int_master_enable
                0x0000000000023243                int_master_read_and_disable
                0x0000000000023260                int_master_status_set
                0x000000000002326e                int_master_is_enabled
 .text          0x000000000002327d      0x226 build/cooja/mtype313.a(coap-timer-defa)
 .text          0x00000000000234a3       0xc7 build/cooja/mtype313.a(stimer.o)
                0x00000000000234a3                stimer_set
                0x00000000000234c1                stimer_reset
                0x00000000000234ee                stimer_restart
                0x0000000000023503                stimer_expired
                0x000000000002352e                stimer_remaining
                0x0000000000023552                stimer_elapsed
 .text          0x000000000002356a      0x156 build/cooja/mtype313.a(ringbuf.o)
                0x000000000002356a                ringbuf_init
                0x000000000002359c                ringbuf_put
                0x000000000002361a                ringbuf_get
                0x0000000000023687                ringbuf_size
                0x0000000000023699                ringbuf_elements
 .text          0x00000000000236c0       0x1f build/cooja/mtype313.a(assert.o)
                0x00000000000236c0                _xassert
 .text          0x00000000000236df      0x79b build/cooja/mtype313.a(nbr-table.o)
                0x0000000000023b58                nbr_table_register
                0x0000000000023bc5                nbr_table_is_registered
                0x0000000000023c00                nbr_table_head
                0x0000000000023c5b                nbr_table_next
                0x0000000000023cbc                nbr_table_add_lladdr
                0x0000000000023d96                nbr_table_get_from_lladdr
                0x0000000000023de2                nbr_table_remove
                0x0000000000023e1a                nbr_table_lock
                0x0000000000023e34                nbr_table_unlock
                0x0000000000023e4e                nbr_table_get_lladdr
 .text          0x0000000000023e7a      0x3a5 build/cooja/mtype313.a(link-stats.o)
                0x0000000000023e7a                link_stats_from_lladdr
                0x0000000000023e96                link_stats_get_lladdr
                0x0000000000023eb2                link_stats_is_fresh
                0x0000000000023eee                guess_etx_from_rssi
                0x0000000000023f6a                link_stats_packet_sent
                0x000000000002408a                link_stats_input_callback
                0x000000000002419a                link_stats_reset
                0x00000000000241ea                link_stats_init
 .text          0x000000000002421f      0x187 build/cooja/mtype313.a(mac-sequence.o)
                0x000000000002421f                mac_sequence_is_duplicate
                0x00000000000242bf                mac_sequence_register_seqno
 .text          0x00000000000243a6       0x23 build/cooja/mtype313.a(mac.o)
                0x00000000000243a6                mac_call_sent_callback
 .text          0x00000000000243c9      0x432 build/cooja/mtype313.a(framer-802154.o)
                0x0000000000024558                framer_802154_setup_params
 .text          0x00000000000247fb      0xb6f build/cooja/mtype313.a(frame802154.o)
                0x000000000002482c                frame802154_get_pan_id
                0x0000000000024838                frame802154_set_pan_id
                0x0000000000024852                frame802154_has_panid
                0x0000000000024a01                frame802154_check_dest_panid
                0x0000000000024a89                frame802154_is_broadcast_addr
                0x0000000000024ad6                frame802154_extract_linkaddr
                0x0000000000024d3b                frame802154_hdrlen
                0x0000000000024dae                frame802154_create_fcf
                0x0000000000024e66                frame802154_create
                0x0000000000024fdb                frame802154_parse_fcf
                0x00000000000250bd                frame802154_parse
 .text          0x000000000002536a       0x2d build/cooja/mtype313.a(csma-security.o)
                0x000000000002536a                csma_security_create_frame
                0x0000000000025388                csma_security_parse_frame
 .text          0x0000000000025397      0x4e4 build/cooja/mtype313.a(uipbuf.o)
                0x0000000000025397                uipbuf_clear
                0x00000000000253be                uipbuf_add_ext_hdr
                0x000000000002543e                uipbuf_set_len
                0x000000000002546b                uipbuf_set_len_field
                0x0000000000025497                uipbuf_get_len_field
                0x00000000000254b7                uipbuf_get_next_header
                0x00000000000255e9                uipbuf_get_last_header
                0x0000000000025662                uipbuf_search_header
                0x0000000000025718                uipbuf_get_attr
                0x000000000002573f                uipbuf_set_attr
                0x0000000000025776                uipbuf_set_default_attr
                0x00000000000257ad                uipbuf_clear_attr
                0x00000000000257d1                uipbuf_set_attr_flag
                0x00000000000257f2                uipbuf_clr_attr_flag
                0x0000000000025819                uipbuf_is_attr_flag
                0x000000000002583d                uipbuf_init
 .text          0x000000000002587b      0x73f build/cooja/mtype313.a(uip-icmp6.o)
                0x00000000000258f0                uip_icmp6_input
                0x0000000000025947                uip_icmp6_register_input_handler
                0x0000000000025a9a                uip_icmp6_error_output
                0x0000000000025d4b                uip_icmp6_send
                0x0000000000025f42                uip_icmp6_echo_reply_callback_add
                0x0000000000025f74                uip_icmp6_echo_reply_callback_rm
                0x0000000000025f91                uip_icmp6_init
 .text          0x0000000000025fba      0x69b build/cooja/mtype313.a(uip-sr.o)
                0x0000000000025fba                uip_sr_num_nodes
                0x0000000000026048                uip_sr_get_node
                0x000000000002609f                uip_sr_is_addr_reachable
                0x000000000002614d                uip_sr_expire_parent
                0x0000000000026196                uip_sr_update_node
                0x00000000000262c6                uip_sr_init
                0x00000000000262fa                uip_sr_node_head
                0x0000000000026313                uip_sr_node_next
                0x0000000000026329                uip_sr_periodic
                0x000000000002642f                uip_sr_free_all
                0x000000000002649f                uip_sr_link_snprint
 .text          0x0000000000026655      0x146 build/cooja/mtype313.a(uip-packetqueue)
                0x0000000000026683                uip_packetqueue_new
                0x0000000000026692                uip_packetqueue_alloc
                0x00000000000266ed                uip_packetqueue_free
                0x0000000000026734                uip_packetqueue_buf
                0x0000000000026751                uip_packetqueue_buflen
                0x0000000000026772                uip_packetqueue_set_buflen
 .text          0x000000000002679b      0x1b0 build/cooja/mtype313.a(rpl-nbr-policy.)
                0x0000000000026908                rpl_nbr_policy_find_removable
 .text          0x000000000002694b      0x915 build/cooja/mtype313.a(rpl-neighbor.o)
                0x00000000000269c7                rpl_neighbor_snprint
                0x0000000000026c7a                rpl_neighbor_print_list
                0x0000000000026d2f                rpl_neighbor_count
                0x0000000000026dd6                rpl_neighbor_get_from_lladdr
                0x0000000000026df2                rpl_neighbor_is_acceptable_parent
                0x0000000000026e26                rpl_neighbor_get_link_metric
                0x0000000000026e5a                rpl_neighbor_rank_via_nbr
                0x0000000000026e8e                rpl_neighbor_get_lladdr
                0x0000000000026eaa                rpl_neighbor_get_ipaddr
                0x0000000000026ed1                rpl_neighbor_get_link_stats
                0x0000000000026ef8                rpl_neighbor_is_fresh
                0x0000000000026f1f                rpl_neighbor_is_reachable
                0x0000000000026f6a                rpl_neighbor_is_parent
                0x0000000000026f94                rpl_neighbor_set_preferred_parent
                0x000000000002702b                rpl_neighbor_remove_all
                0x0000000000027087                rpl_neighbor_get_from_ipaddr
                0x0000000000027195                rpl_neighbor_select_best
                0x0000000000027241                rpl_neighbor_init
 .text          0x0000000000027260      0xe69 build/cooja/mtype313.a(rpl-dag.o)
                0x0000000000027260                rpl_dag_state_to_str
                0x000000000002729f                rpl_dag_get_root_ipaddr
                0x00000000000272e7                rpl_dag_leave
                0x0000000000027370                rpl_dag_poison_and_leave
                0x0000000000027388                rpl_dag_periodic
                0x0000000000027410                rpl_is_addr_in_our_dag
                0x0000000000027454                rpl_get_default_instance
                0x0000000000027470                rpl_get_any_dag
                0x00000000000274c9                rpl_refresh_routes
                0x0000000000027509                rpl_global_repair
                0x00000000000275a2                rpl_local_repair
                0x00000000000275ec                rpl_dag_ready_to_advertise
                0x000000000002762f                rpl_dag_update_state
                0x0000000000027d5c                rpl_process_dio
                0x0000000000027dda                rpl_process_dis
                0x0000000000027e1f                rpl_process_dao
                0x0000000000027eae                rpl_process_dao_ack
                0x0000000000027f45                rpl_process_hbh
                0x0000000000027f95                rpl_dag_init_root
                0x00000000000280a9                rpl_dag_init
 .text          0x00000000000280c9      0x9e7 build/cooja/mtype313.a(rpl-timers.o)
                0x00000000000280c9                rpl_timers_schedule_periodic_dis
                0x0000000000028217                rpl_timers_dio_reset
                0x0000000000028325                rpl_timers_schedule_unicast_dio
                0x0000000000028479                rpl_timers_schedule_dao
                0x0000000000028538                rpl_timers_schedule_dao_ack
                0x00000000000285be                rpl_timers_notify_dao_ack
                0x000000000002861c                get_probing_delay
                0x0000000000028650                get_probing_target
                0x000000000002883a                rpl_schedule_probing
                0x0000000000028868                rpl_schedule_probing_now
                0x00000000000288d2                rpl_timers_unschedule_leaving
                0x000000000002890a                rpl_timers_schedule_leaving
                0x000000000002894b                rpl_timers_init
                0x00000000000289db                rpl_timers_stop_dag_timers
                0x0000000000028a54                rpl_timers_unschedule_state_update
                0x0000000000028a78                rpl_timers_schedule_state_update
 .text          0x0000000000028ab0      0xb8e build/cooja/mtype313.a(rpl-ext-header.)
                0x0000000000028ab0                rpl_ext_header_srh_get_next_hop
                0x0000000000028b97                rpl_ext_header_srh_update
                0x0000000000029103                rpl_ext_header_hbh_update
                0x0000000000029403                rpl_ext_header_update
                0x000000000002948c                rpl_ext_header_remove
 .text          0x000000000002963e      0x31b build/cooja/mtype313.a(rpl-mrhof.o)
 *fill*         0x0000000000029959        0x7 
 .text          0x0000000000029960      0x122 /usr/lib/gcc/i686-linux-gnu/5/libgcc.a(_udivdi3.o)
                0x0000000000029960                __udivdi3
 .text          0x0000000000029a82        0x0 /usr/lib/gcc/i686-linux-gnu/5/crtendS.o
 .text          0x0000000000029a82        0x0 /usr/lib/gcc/i686-linux-gnu/5/../../../i386-linux-gnu/crtn.o
 *(.gnu.warning)

.fini           0x0000000000029a84       0x14
 *(SORT(.fini))
 .fini          0x0000000000029a84        0xf /usr/lib/gcc/i686-linux-gnu/5/../../../i386-linux-gnu/crti.o
                0x0000000000029a84                _fini
 .fini          0x0000000000029a93        0x5 /usr/lib/gcc/i686-linux-gnu/5/../../../i386-linux-gnu/crtn.o
                [!provide]                        PROVIDE (__etext, .)
                [!provide]                        PROVIDE (_etext, .)
                [!provide]                        PROVIDE (etext, .)

.rodata         0x0000000000029aa0      0xa8b
 *(.rodata .rodata.* .gnu.linkonce.r.*)
 .rodata        0x0000000000029aa0       0x63 device.o
                0x0000000000029ab8                autostart_processes
 *fill*         0x0000000000029b03        0x1 
 .rodata        0x0000000000029b04        0x8 build/cooja/mtype313.a(beep.o)
                0x0000000000029b04                beep_interface
 .rodata        0x0000000000029b0c        0xe build/cooja/mtype313.a(leds-arch.o)
                0x0000000000029b0c                leds_interface
                0x0000000000029b14                leds_arch_leds
 *fill*         0x0000000000029b1a        0x2 
 .rodata        0x0000000000029b1c        0x8 build/cooja/mtype313.a(moteid.o)
                0x0000000000029b1c                moteid_interface
 .rodata        0x0000000000029b24       0x1c build/cooja/mtype313.a(pir-sensor.o)
                0x0000000000029b24                pir_interface
                0x0000000000029b30                pir_sensor
 .rodata        0x0000000000029b40        0xe build/cooja/mtype313.a(rs232.o)
                0x0000000000029b40                rs232_interface
 *fill*         0x0000000000029b4e        0x2 
 .rodata        0x0000000000029b50       0x24 build/cooja/mtype313.a(vib-sensor.o)
                0x0000000000029b50                vib_interface
                0x0000000000029b64                vib_sensor
 .rodata        0x0000000000029b74        0x8 build/cooja/mtype313.a(clock.o)
                0x0000000000029b74                clock_interface
 .rodata        0x0000000000029b7c        0x8 build/cooja/mtype313.a(cooja-log.o)
                0x0000000000029b7c                simlog_interface
 .rodata        0x0000000000029b84       0x2f build/cooja/mtype313.a(cfs-cooja.o)
                0x0000000000029b84                cfs_interface
 *fill*         0x0000000000029bb3        0xd 
 .rodata        0x0000000000029bc0       0xb8 build/cooja/mtype313.a(cooja-radio.o)
                0x0000000000029bc0                radio_interface
                0x0000000000029c40                cooja_radio_driver
 .rodata        0x0000000000029c78        0x8 build/cooja/mtype313.a(eeprom.o)
                0x0000000000029c78                eeprom_interface
 .rodata        0x0000000000029c80        0x8 build/cooja/mtype313.a(sensors.o)
 .rodata        0x0000000000029c88       0x2c build/cooja/mtype313.a(buttons.o)
                0x0000000000029c88                button_interface
                0x0000000000029c9c                button_hal_button_count
                0x0000000000029ca4                button_sensor
 .rodata        0x0000000000029cb4       0x4d build/cooja/mtype313.a(res_humidity.o)
 .rodata        0x0000000000029d01       0x41 build/cooja/mtype313.a(coap-engine.o)
 .rodata        0x0000000000029d42       0x19 build/cooja/mtype313.a(coap-res-well-k)
 .rodata        0x0000000000029d5b       0x11 build/cooja/mtype313.a(coap-observe.o)
 .rodata        0x0000000000029d6c       0x35 build/cooja/mtype313.a(coap-uip.o)
 *fill*         0x0000000000029da1        0x3 
 .rodata        0x0000000000029da4      0x1ac build/cooja/mtype313.a(coap.o)
 .rodata        0x0000000000029f50       0xf8 build/cooja/mtype313.a(contiki-main.o)
 .rodata        0x000000000002a048        0xf build/cooja/mtype313.a(ctimer.o)
 *fill*         0x000000000002a057        0x1 
 .rodata        0x000000000002a058       0xc4 build/cooja/mtype313.a(log.o)
 .rodata        0x000000000002a11c        0xc build/cooja/mtype313.a(etimer.o)
 .rodata        0x000000000002a128       0x13 build/cooja/mtype313.a(button-hal.o)
 .rodata        0x000000000002a13b        0xe build/cooja/mtype313.a(serial-line.o)
 *fill*         0x000000000002a149        0x3 
 .rodata        0x000000000002a14c        0x8 build/cooja/mtype313.a(linkaddr.o)
                0x000000000002a14c                linkaddr_null
 .rodata        0x000000000002a154       0x24 build/cooja/mtype313.a(csma.o)
                0x000000000002a15c                csma_driver
 .rodata        0x000000000002a178       0x27 build/cooja/mtype313.a(csma-output.o)
 *fill*         0x000000000002a19f        0x1 
 .rodata        0x000000000002a1a0       0xb9 build/cooja/mtype313.a(uip-ds6-route.o)
 .rodata        0x000000000002a259        0xd build/cooja/mtype313.a(tcpip.o)
 *fill*         0x000000000002a266        0x2 
 .rodata        0x000000000002a268       0x30 build/cooja/mtype313.a(sicslowpan.o)
                0x000000000002a268                unc_llconf
                0x000000000002a26c                unc_ctxconf
                0x000000000002a270                unc_mxconf
                0x000000000002a274                llprefix
                0x000000000002a288                sicslowpan_driver
 .rodata        0x000000000002a298       0x2d build/cooja/mtype313.a(uiplib.o)
 *fill*         0x000000000002a2c5       0x1b 
 .rodata        0x000000000002a2e0       0x74 build/cooja/mtype313.a(rpl.o)
                0x000000000002a300                rpl_lite_driver
 .rodata        0x000000000002a354       0x20 build/cooja/mtype313.a(coap-timer-defa)
                0x000000000002a368                coap_timer_default_driver
 .rodata        0x000000000002a374       0x25 build/cooja/mtype313.a(assert.o)
 *fill*         0x000000000002a399        0x3 
 .rodata        0x000000000002a39c        0xc build/cooja/mtype313.a(framer-802154.o)
                0x000000000002a39c                framer_802154
 .rodata        0x000000000002a3a8       0x44 build/cooja/mtype313.a(uip-sr.o)
 .rodata        0x000000000002a3ec       0x58 build/cooja/mtype313.a(rpl-neighbor.o)
 .rodata        0x000000000002a444       0xdb build/cooja/mtype313.a(rpl-dag.o)
 .rodata        0x000000000002a51f        0xc build/cooja/mtype313.a(rpl-timers.o)

.rodata1
 *(.rodata1)

.eh_frame_hdr   0x000000000002a52c     0x19ec
 *(.eh_frame_hdr)
 .eh_frame_hdr  0x000000000002a52c     0x19ec device.o
                0x000000000002a52c                __GNU_EH_FRAME_HDR
 *(.eh_frame_entry .eh_frame_entry.*)

.eh_frame       0x000000000002bf18     0x6928
 *(.eh_frame)
 .eh_frame      0x000000000002bf18       0x3c /usr/lib/gcc/i686-linux-gnu/5/../../../i386-linux-gnu/crti.o
                                         0x40 (size before relaxing)
 .eh_frame      0x000000000002bf54       0x20 device.o
                                         0x38 (size before relaxing)
 .eh_frame      0x000000000002bf74      0x178 build/cooja/mtype313.o
                                        0x190 (size before relaxing)
 .eh_frame      0x000000000002c0ec       0x40 build/cooja/mtype313.a(simEnvChange.o)
                                         0x58 (size before relaxing)
 .eh_frame      0x000000000002c12c       0x60 build/cooja/mtype313.a(cooja_mt.o)
                                         0x78 (size before relaxing)
 .eh_frame      0x000000000002c18c       0x80 build/cooja/mtype313.a(cooja_mtarch.o)
                                         0x98 (size before relaxing)
 .eh_frame      0x000000000002c20c       0xc8 build/cooja/mtype313.a(rtimer-arch.o)
                                         0xe0 (size before relaxing)
 .eh_frame      0x000000000002c2d4      0x160 build/cooja/mtype313.a(beep.o)
                                        0x178 (size before relaxing)
 .eh_frame      0x000000000002c434       0x80 build/cooja/mtype313.a(leds-arch.o)
                                         0x98 (size before relaxing)
 .eh_frame      0x000000000002c4b4       0x40 build/cooja/mtype313.a(moteid.o)
                                         0x58 (size before relaxing)
 .eh_frame      0x000000000002c4f4       0xa0 build/cooja/mtype313.a(pir-sensor.o)
                                         0xb8 (size before relaxing)
 .eh_frame      0x000000000002c594      0x100 build/cooja/mtype313.a(rs232.o)
                                        0x118 (size before relaxing)
 .eh_frame      0x000000000002c694       0xa0 build/cooja/mtype313.a(vib-sensor.o)
                                         0xb8 (size before relaxing)
 .eh_frame      0x000000000002c734       0xc0 build/cooja/mtype313.a(clock.o)
                                         0xd8 (size before relaxing)
 .eh_frame      0x000000000002c7f4      0x120 build/cooja/mtype313.a(cooja-log.o)
                                        0x138 (size before relaxing)
 .eh_frame      0x000000000002c914      0x160 build/cooja/mtype313.a(cfs-cooja.o)
                                        0x178 (size before relaxing)
 .eh_frame      0x000000000002ca74      0x340 build/cooja/mtype313.a(cooja-radio.o)
                                        0x358 (size before relaxing)
 .eh_frame      0x000000000002cdb4       0xa0 build/cooja/mtype313.a(eeprom.o)
                                         0xb8 (size before relaxing)
 .eh_frame      0x000000000002ce54       0x40 build/cooja/mtype313.a(random.o)
                                         0x58 (size before relaxing)
 .eh_frame      0x000000000002ce94       0xc0 build/cooja/mtype313.a(sensors.o)
                                         0xd8 (size before relaxing)
 .eh_frame      0x000000000002cf54      0x120 build/cooja/mtype313.a(leds.o)
                                        0x138 (size before relaxing)
 .eh_frame      0x000000000002d074      0x220 build/cooja/mtype313.a(gpio-hal-arch.o)
                                        0x238 (size before relaxing)
 .eh_frame      0x000000000002d294       0xa0 build/cooja/mtype313.a(buttons.o)
                                         0xb8 (size before relaxing)
 .eh_frame      0x000000000002d334       0x44 build/cooja/mtype313.a(res_humidity.o)
                                         0x5c (size before relaxing)
 .eh_frame      0x000000000002d378      0x220 build/cooja/mtype313.a(coap-engine.o)
                                        0x238 (size before relaxing)
 .eh_frame      0x000000000002d598       0x24 build/cooja/mtype313.a(coap-res-well-k)
                                         0x3c (size before relaxing)
 .eh_frame      0x000000000002d5bc      0x188 build/cooja/mtype313.a(coap-observe.o)
                                        0x1a0 (size before relaxing)
 .eh_frame      0x000000000002d744      0x250 build/cooja/mtype313.a(coap-uip.o)
                                        0x268 (size before relaxing)
 .eh_frame      0x000000000002d994      0x114 build/cooja/mtype313.a(coap-timer.o)
                                        0x12c (size before relaxing)
 .eh_frame      0x000000000002daa8      0x100 build/cooja/mtype313.a(coap-transactio)
                                        0x118 (size before relaxing)
 .eh_frame      0x000000000002dba8      0x6ec build/cooja/mtype313.a(coap.o)
                                        0x704 (size before relaxing)
 .eh_frame      0x000000000002e294       0x30 build/cooja/mtype313.a(contiki-main.o)
                                         0x48 (size before relaxing)
 .eh_frame      0x000000000002e2c4       0x40 build/cooja/mtype313.a(autostart.o)
                                         0x58 (size before relaxing)
 .eh_frame      0x000000000002e304      0x100 build/cooja/mtype313.a(ctimer.o)
                                        0x118 (size before relaxing)
 .eh_frame      0x000000000002e404      0x100 build/cooja/mtype313.a(log.o)
                                        0x118 (size before relaxing)
 .eh_frame      0x000000000002e504       0x60 build/cooja/mtype313.a(energest.o)
                                         0x78 (size before relaxing)
 .eh_frame      0x000000000002e564      0x1e0 build/cooja/mtype313.a(etimer.o)
                                        0x1f8 (size before relaxing)
 .eh_frame      0x000000000002e744       0x20 build/cooja/mtype313.a(node-id.o)
                                         0x38 (size before relaxing)
 .eh_frame      0x000000000002e764       0x60 build/cooja/mtype313.a(rtimer.o)
                                         0x78 (size before relaxing)
 .eh_frame      0x000000000002e7c4      0x1c4 build/cooja/mtype313.a(process.o)
                                        0x1dc (size before relaxing)
 .eh_frame      0x000000000002e988       0xa4 build/cooja/mtype313.a(timer.o)
                                         0xbc (size before relaxing)
 .eh_frame      0x000000000002ea2c      0x1a0 build/cooja/mtype313.a(list.o)
                                        0x1b8 (size before relaxing)
 .eh_frame      0x000000000002ebcc       0xa0 build/cooja/mtype313.a(memb.o)
                                         0xb8 (size before relaxing)
 .eh_frame      0x000000000002ec6c      0x144 build/cooja/mtype313.a(button-hal.o)
                                        0x15c (size before relaxing)
 .eh_frame      0x000000000002edb0       0x60 build/cooja/mtype313.a(serial-line.o)
                                         0x78 (size before relaxing)
 .eh_frame      0x000000000002ee10       0xe0 build/cooja/mtype313.a(gpio-hal.o)
                                         0xf8 (size before relaxing)
 .eh_frame      0x000000000002eef0      0x1a0 build/cooja/mtype313.a(queuebuf.o)
                                        0x1b8 (size before relaxing)
 .eh_frame      0x000000000002f090      0x28c build/cooja/mtype313.a(packetbuf.o)
                                        0x2a4 (size before relaxing)
 .eh_frame      0x000000000002f31c       0x80 build/cooja/mtype313.a(netstack.o)
                                         0x98 (size before relaxing)
 .eh_frame      0x000000000002f39c       0x60 build/cooja/mtype313.a(linkaddr.o)
                                         0x78 (size before relaxing)
 .eh_frame      0x000000000002f3fc       0xe0 build/cooja/mtype313.a(csma.o)
                                         0xf8 (size before relaxing)
 .eh_frame      0x000000000002f4dc      0x1d0 build/cooja/mtype313.a(csma-output.o)
                                        0x1e8 (size before relaxing)
 .eh_frame      0x000000000002f6ac      0x328 build/cooja/mtype313.a(uip-ds6.o)
                                        0x340 (size before relaxing)
 .eh_frame      0x000000000002f9d4       0x40 build/cooja/mtype313.a(uip-udp-packet.)
                                         0x58 (size before relaxing)
 .eh_frame      0x000000000002fa14      0x2e0 build/cooja/mtype313.a(uip-ds6-route.o)
                                        0x2f8 (size before relaxing)
 .eh_frame      0x000000000002fcf4      0x244 build/cooja/mtype313.a(tcpip.o)
                                        0x25c (size before relaxing)
 .eh_frame      0x000000000002ff38      0x1e8 build/cooja/mtype313.a(uip6.o)
                                        0x200 (size before relaxing)
 .eh_frame      0x0000000000030120      0x1c0 build/cooja/mtype313.a(uip-ds6-nbr.o)
                                        0x1d8 (size before relaxing)
 .eh_frame      0x00000000000302e0       0x84 build/cooja/mtype313.a(uip-nd6.o)
                                         0x9c (size before relaxing)
 .eh_frame      0x0000000000030364      0x2f8 build/cooja/mtype313.a(sicslowpan.o)
                                        0x310 (size before relaxing)
 .eh_frame      0x000000000003065c       0x88 build/cooja/mtype313.a(uiplib.o)
                                         0xa0 (size before relaxing)
 .eh_frame      0x00000000000306e4      0x1e0 build/cooja/mtype313.a(rpl.o)
                                        0x1f8 (size before relaxing)
 .eh_frame      0x00000000000308c4      0x1c4 build/cooja/mtype313.a(rpl-icmp6.o)
                                        0x1dc (size before relaxing)
 .eh_frame      0x0000000000030a88       0xa0 build/cooja/mtype313.a(rpl-dag-root.o)
                                         0xb8 (size before relaxing)
 .eh_frame      0x0000000000030b28       0xa0 build/cooja/mtype313.a(watchdog.o)
                                         0xb8 (size before relaxing)
 .eh_frame      0x0000000000030bc8       0x80 build/cooja/mtype313.a(int-master.o)
                                         0x98 (size before relaxing)
 .eh_frame      0x0000000000030c48       0xa4 build/cooja/mtype313.a(coap-timer-defa)
                                         0xbc (size before relaxing)
 .eh_frame      0x0000000000030cec       0xc4 build/cooja/mtype313.a(stimer.o)
                                         0xdc (size before relaxing)
 .eh_frame      0x0000000000030db0       0xa0 build/cooja/mtype313.a(ringbuf.o)
                                         0xb8 (size before relaxing)
 .eh_frame      0x0000000000030e50       0x20 build/cooja/mtype313.a(assert.o)
                                         0x38 (size before relaxing)
 .eh_frame      0x0000000000030e70      0x2ac build/cooja/mtype313.a(nbr-table.o)
                                        0x2c4 (size before relaxing)
 .eh_frame      0x000000000003111c      0x120 build/cooja/mtype313.a(link-stats.o)
                                        0x138 (size before relaxing)
 .eh_frame      0x000000000003123c       0x48 build/cooja/mtype313.a(mac-sequence.o)
                                         0x60 (size before relaxing)
 .eh_frame      0x0000000000031284       0x20 build/cooja/mtype313.a(mac.o)
                                         0x38 (size before relaxing)
 .eh_frame      0x00000000000312a4       0xa4 build/cooja/mtype313.a(framer-802154.o)
                                         0xbc (size before relaxing)
 .eh_frame      0x0000000000031348      0x1a4 build/cooja/mtype313.a(frame802154.o)
                                        0x1bc (size before relaxing)
 .eh_frame      0x00000000000314ec       0x40 build/cooja/mtype313.a(csma-security.o)
                                         0x58 (size before relaxing)
 .eh_frame      0x000000000003152c      0x200 build/cooja/mtype313.a(uipbuf.o)
                                        0x218 (size before relaxing)
 .eh_frame      0x000000000003172c      0x150 build/cooja/mtype313.a(uip-icmp6.o)
                                        0x168 (size before relaxing)
 .eh_frame      0x000000000003187c      0x184 build/cooja/mtype313.a(uip-sr.o)
                                        0x19c (size before relaxing)
 .eh_frame      0x0000000000031a00       0xe0 build/cooja/mtype313.a(uip-packetqueue)
                                         0xf8 (size before relaxing)
 .eh_frame      0x0000000000031ae0       0x80 build/cooja/mtype313.a(rpl-nbr-policy.)
                                         0x98 (size before relaxing)
 .eh_frame      0x0000000000031b60      0x2d4 build/cooja/mtype313.a(rpl-neighbor.o)
                                        0x2ec (size before relaxing)
 .eh_frame      0x0000000000031e34      0x370 build/cooja/mtype313.a(rpl-dag.o)
                                        0x388 (size before relaxing)
 .eh_frame      0x00000000000321a4      0x3a8 build/cooja/mtype313.a(rpl-timers.o)
                                        0x3c0 (size before relaxing)
 .eh_frame      0x000000000003254c      0x124 build/cooja/mtype313.a(rpl-ext-header.)
                                        0x13c (size before relaxing)
 .eh_frame      0x0000000000032670      0x148 build/cooja/mtype313.a(rpl-mrhof.o)
                                        0x160 (size before relaxing)
 .eh_frame      0x00000000000327b8       0x84 /usr/lib/gcc/i686-linux-gnu/5/libgcc.a(_udivdi3.o)
                                         0x9c (size before relaxing)
 .eh_frame      0x000000000003283c        0x4 /usr/lib/gcc/i686-linux-gnu/5/crtendS.o
 *(.eh_frame.*)

.gcc_except_table
 *(.gcc_except_table .gcc_except_table.*)

.gnu_extab
 *(.gnu_extab*)

.exception_ranges
 *(.exception_ranges .exception_ranges*)
                0x0000000000033f10                . = DATA_SEGMENT_ALIGN (0x1000, 0x1000)

.eh_frame
 *(.eh_frame)
 *(.eh_frame.*)

.gnu_extab
 *(.gnu_extab)

.gcc_except_table
 *(.gcc_except_table .gcc_except_table.*)

.exception_ranges
 *(.exception_ranges .exception_ranges*)

.tdata
 *(.tdata .tdata.* .gnu.linkonce.td.*)

.tbss
 *(.tbss .tbss.* .gnu.linkonce.tb.*)
 *(.tcommon)

.preinit_array
 *(.preinit_array)

.init_array     0x0000000000033f10        0x4
 *(SORT(.init_array.*) SORT(.ctors.*))
 *(.init_array EXCLUDE_FILE(*crtend?.o *crtend.o *crtbegin?.o *crtbegin.o) .ctors)
 .init_array    0x0000000000033f10        0x4 /usr/lib/gcc/i686-linux-gnu/5/crtbeginS.o

.fini_array     0x0000000000033f14        0x4
 *(SORT(.fini_array.*) SORT(.dtors.*))
 *(.fini_array EXCLUDE_FILE(*crtend?.o *crtend.o *crtbegin?.o *crtbegin.o) .dtors)
 .fini_array    0x0000000000033f14        0x4 /usr/lib/gcc/i686-linux-gnu/5/crtbeginS.o

.ctors
 *crtbegin.o(.ctors)
 *crtbegin?.o(.ctors)
 *(EXCLUDE_FILE(*crtend?.o *crtend.o) .ctors)
 *(SORT(.ctors.*))
 *(.ctors)

.dtors
 *crtbegin.o(.dtors)
 *crtbegin?.o(.dtors)
 *(EXCLUDE_FILE(*crtend?.o *crtend.o) .dtors)
 *(SORT(.dtors.*))
 *(.dtors)

.jcr            0x0000000000033f18        0x4
 *(.jcr)
 .jcr           0x0000000000033f18        0x0 /usr/lib/gcc/i686-linux-gnu/5/crtbeginS.o
 .jcr           0x0000000000033f18        0x4 /usr/lib/gcc/i686-linux-gnu/5/crtendS.o

.data.rel.ro
 *(.data.rel.ro.local* .gnu.linkonce.d.rel.ro.local.*)
 *(.data.rel.ro .data.rel.ro.* .gnu.linkonce.d.rel.ro.*)

.dynamic        0x0000000000033f1c       0xd0
 *(.dynamic)
 .dynamic       0x0000000000033f1c       0xd0 /usr/lib/gcc/i686-linux-gnu/5/../../../i386-linux-gnu/crti.o
                0x0000000000033f1c                _DYNAMIC

.got            0x0000000000033fec       0x14
 *(.got)
 .got           0x0000000000033fec       0x14 /usr/lib/gcc/i686-linux-gnu/5/../../../i386-linux-gnu/crti.o
 *(.igot)
                0x0000000000034ff4                . = DATA_SEGMENT_RELRO_END (., (SIZEOF (.got.plt) >= 0xc)?0xc:0x0)

.got.plt        0x0000000000034000        0xc
 *(.got.plt)
 .got.plt       0x0000000000034000        0xc /usr/lib/gcc/i686-linux-gnu/5/../../../i386-linux-gnu/crti.o
                0x0000000000034000                _GLOBAL_OFFSET_TABLE_
 *(.igot.plt)

.data           0x0000000000034020      0x4a4
 *(.data .data.* .gnu.linkonce.d.*)
 .data          0x0000000000034020        0x0 /usr/lib/gcc/i686-linux-gnu/5/../../../i386-linux-gnu/crti.o
 .data          0x0000000000034020        0x0 /usr/lib/gcc/i686-linux-gnu/5/crtbeginS.o
 .data.rel.local
                0x0000000000034020        0x4 /usr/lib/gcc/i686-linux-gnu/5/crtbeginS.o
                0x0000000000034020                __dso_handle
 .data          0x0000000000034024       0x10 device.o
                0x0000000000034024                device_process
 *fill*         0x0000000000034034        0xc 
 .data          0x0000000000034040       0x44 build/cooja/mtype313.o
                0x0000000000034040                simInterfaces
                0x0000000000034074                sensors
 .data          0x0000000000034084        0x0 build/cooja/mtype313.a(simEnvChange.o)
 .data          0x0000000000034084        0x0 build/cooja/mtype313.a(cooja_mt.o)
 .data          0x0000000000034084        0x0 build/cooja/mtype313.a(cooja_mtarch.o)
 .data          0x0000000000034084        0x0 build/cooja/mtype313.a(rtimer-arch.o)
 .data          0x0000000000034084        0x0 build/cooja/mtype313.a(beep.o)
 .data          0x0000000000034084        0x0 build/cooja/mtype313.a(leds-arch.o)
 .data          0x0000000000034084        0x0 build/cooja/mtype313.a(moteid.o)
 .data          0x0000000000034084        0x0 build/cooja/mtype313.a(pir-sensor.o)
 .data          0x0000000000034084        0x0 build/cooja/mtype313.a(rs232.o)
 .data          0x0000000000034084        0x0 build/cooja/mtype313.a(vib-sensor.o)
 .data          0x0000000000034084        0x0 build/cooja/mtype313.a(clock.o)
 .data          0x0000000000034084        0x0 build/cooja/mtype313.a(cooja-log.o)
 .data          0x0000000000034084        0x0 build/cooja/mtype313.a(cfs-cooja.o)
 .data          0x0000000000034084       0x2c build/cooja/mtype313.a(cooja-radio.o)
                0x0000000000034084                simRadioHWOn
                0x0000000000034088                simSignalStrength
                0x000000000003408c                simLastSignalStrength
                0x0000000000034090                simPower
                0x0000000000034094                simRadioChannel
                0x0000000000034098                simLQI
                0x00000000000340a0                cooja_radio_process
 .data          0x00000000000340b0        0x0 build/cooja/mtype313.a(eeprom.o)
 .data          0x00000000000340b0        0x0 build/cooja/mtype313.a(random.o)
 .data          0x00000000000340b0       0x10 build/cooja/mtype313.a(sensors.o)
                0x00000000000340b0                sensors_process
 .data          0x00000000000340c0        0x0 build/cooja/mtype313.a(leds.o)
 .data          0x00000000000340c0        0x0 build/cooja/mtype313.a(gpio-hal-arch.o)
 .data          0x00000000000340c0       0x78 build/cooja/mtype313.a(buttons.o)
                0x00000000000340c0                simButtonIsActive
                0x0000000000034130                button_hal_buttons
 *fill*         0x0000000000034138        0x8 
 .data          0x0000000000034140       0x44 build/cooja/mtype313.a(res_humidity.o)
                0x0000000000034140                min_value
                0x0000000000034144                max_value
                0x0000000000034148                humidity_value
                0x0000000000034160                res_humidity
 .data          0x0000000000034184        0x8 build/cooja/mtype313.a(coap-engine.o)
 *fill*         0x000000000003418c       0x14 
 .data          0x00000000000341a0       0x24 build/cooja/mtype313.a(coap-res-well-k)
                0x00000000000341a0                res_well_known_core
 .data          0x00000000000341c4       0x10 build/cooja/mtype313.a(coap-observe.o)
 .data          0x00000000000341d4       0x10 build/cooja/mtype313.a(coap-uip.o)
                0x00000000000341d4                coap_engine
 .data          0x00000000000341e4        0x4 build/cooja/mtype313.a(coap-timer.o)
 .data          0x00000000000341e8       0x10 build/cooja/mtype313.a(coap-transactio)
 .data          0x00000000000341f8        0x4 build/cooja/mtype313.a(coap.o)
                0x00000000000341f8                coap_error_message
 .data          0x00000000000341fc        0x0 build/cooja/mtype313.a(contiki-main.o)
 .data          0x00000000000341fc        0x0 build/cooja/mtype313.a(autostart.o)
 .data          0x00000000000341fc       0x14 build/cooja/mtype313.a(ctimer.o)
                0x0000000000034200                ctimer_process
 *fill*         0x0000000000034210       0x10 
 .data          0x0000000000034220       0xbc build/cooja/mtype313.a(log.o)
                0x0000000000034220                curr_log_level_main
                0x0000000000034240                all_modules
 .data          0x00000000000342dc        0x0 build/cooja/mtype313.a(energest.o)
 .data          0x00000000000342dc       0x10 build/cooja/mtype313.a(etimer.o)
                0x00000000000342dc                etimer_process
 .data          0x00000000000342ec        0x0 build/cooja/mtype313.a(node-id.o)
 .data          0x00000000000342ec        0x0 build/cooja/mtype313.a(rtimer.o)
 .data          0x00000000000342ec        0x0 build/cooja/mtype313.a(process.o)
 .data          0x00000000000342ec        0x0 build/cooja/mtype313.a(timer.o)
 .data          0x00000000000342ec        0x0 build/cooja/mtype313.a(list.o)
 .data          0x00000000000342ec        0x0 build/cooja/mtype313.a(memb.o)
 .data          0x00000000000342ec       0x10 build/cooja/mtype313.a(button-hal.o)
                0x00000000000342ec                button_hal_process
 .data          0x00000000000342fc       0x10 build/cooja/mtype313.a(serial-line.o)
                0x00000000000342fc                serial_line_process
 .data          0x000000000003430c        0x4 build/cooja/mtype313.a(gpio-hal.o)
 .data          0x0000000000034310       0x18 build/cooja/mtype313.a(queuebuf.o)
 .data          0x0000000000034328        0x4 build/cooja/mtype313.a(packetbuf.o)
 .data          0x000000000003432c        0x4 build/cooja/mtype313.a(netstack.o)
 .data          0x0000000000034330        0x0 build/cooja/mtype313.a(linkaddr.o)
 .data          0x0000000000034330        0x0 build/cooja/mtype313.a(csma.o)
 .data          0x0000000000034330       0x28 build/cooja/mtype313.a(csma-output.o)
 .data          0x0000000000034358        0x0 build/cooja/mtype313.a(uip-ds6.o)
 .data          0x0000000000034358        0x0 build/cooja/mtype313.a(uip-udp-packet.)
 .data          0x0000000000034358       0x44 build/cooja/mtype313.a(uip-ds6-route.o)
                0x0000000000034368                nbr_routes
 .data          0x000000000003439c       0x10 build/cooja/mtype313.a(tcpip.o)
                0x000000000003439c                tcpip_process
 .data          0x00000000000343ac        0x0 build/cooja/mtype313.a(uip6.o)
 .data          0x00000000000343ac       0x14 build/cooja/mtype313.a(uip-ds6-nbr.o)
 .data          0x00000000000343c0        0xc build/cooja/mtype313.a(uip-nd6.o)
 .data          0x00000000000343cc        0x0 build/cooja/mtype313.a(sicslowpan.o)
 .data          0x00000000000343cc        0x0 build/cooja/mtype313.a(uiplib.o)
 .data          0x00000000000343cc        0x0 build/cooja/mtype313.a(rpl.o)
 .data          0x00000000000343cc       0x30 build/cooja/mtype313.a(rpl-icmp6.o)
 .data          0x00000000000343fc        0x0 build/cooja/mtype313.a(rpl-dag-root.o)
 .data          0x00000000000343fc        0x0 build/cooja/mtype313.a(watchdog.o)
 .data          0x00000000000343fc        0x0 build/cooja/mtype313.a(int-master.o)
 .data          0x00000000000343fc       0x10 build/cooja/mtype313.a(coap-timer-defa)
                0x00000000000343fc                coap_timer_process
 .data          0x000000000003440c        0x0 build/cooja/mtype313.a(stimer.o)
 .data          0x000000000003440c        0x0 build/cooja/mtype313.a(ringbuf.o)
 .data          0x000000000003440c        0x0 build/cooja/mtype313.a(assert.o)
 .data          0x000000000003440c       0x10 build/cooja/mtype313.a(nbr-table.o)
 .data          0x000000000003441c       0x14 build/cooja/mtype313.a(link-stats.o)
 .data          0x0000000000034430        0x0 build/cooja/mtype313.a(mac-sequence.o)
 .data          0x0000000000034430        0x0 build/cooja/mtype313.a(mac.o)
 .data          0x0000000000034430        0x0 build/cooja/mtype313.a(framer-802154.o)
 .data          0x0000000000034430        0x2 build/cooja/mtype313.a(frame802154.o)
 .data          0x0000000000034432        0x0 build/cooja/mtype313.a(csma-security.o)
 .data          0x0000000000034432        0x0 build/cooja/mtype313.a(uipbuf.o)
 *fill*         0x0000000000034432        0x2 
 .data          0x0000000000034434       0x20 build/cooja/mtype313.a(uip-icmp6.o)
 .data          0x0000000000034454       0x10 build/cooja/mtype313.a(uip-sr.o)
 .data          0x0000000000034464        0xc build/cooja/mtype313.a(uip-packetqueue)
 .data          0x0000000000034470        0x0 build/cooja/mtype313.a(rpl-nbr-policy.)
 .data          0x0000000000034470       0x14 build/cooja/mtype313.a(rpl-neighbor.o)
                0x0000000000034480                rpl_neighbors
 .data          0x0000000000034484        0x0 build/cooja/mtype313.a(rpl-dag.o)
 .data          0x0000000000034484        0x0 build/cooja/mtype313.a(rpl-timers.o)
 .data          0x0000000000034484        0x0 build/cooja/mtype313.a(rpl-ext-header.)
 *fill*         0x0000000000034484       0x1c 
 .data          0x00000000000344a0       0x24 build/cooja/mtype313.a(rpl-mrhof.o)
                0x00000000000344a0                rpl_mrhof
 .data          0x00000000000344c4        0x0 /usr/lib/gcc/i686-linux-gnu/5/libgcc.a(_udivdi3.o)
 .data          0x00000000000344c4        0x0 /usr/lib/gcc/i686-linux-gnu/5/crtendS.o
 .data          0x00000000000344c4        0x0 /usr/lib/gcc/i686-linux-gnu/5/../../../i386-linux-gnu/crtn.o

.tm_clone_table
                0x00000000000344c4        0x0
 .tm_clone_table
                0x00000000000344c4        0x0 /usr/lib/gcc/i686-linux-gnu/5/crtbeginS.o
 .tm_clone_table
                0x00000000000344c4        0x0 /usr/lib/gcc/i686-linux-gnu/5/crtendS.o

.data1
 *(.data1)
                0x00000000000344c4                _edata = .
                [!provide]                        PROVIDE (edata, .)
                0x00000000000344c4                . = .
                0x00000000000344c4                __bss_start = .

.bss            0x00000000000344e0     0xf104
 *(.dynbss)
 .dynbss        0x00000000000344e0        0x0 /usr/lib/gcc/i686-linux-gnu/5/../../../i386-linux-gnu/crti.o
 *(.bss .bss.* .gnu.linkonce.b.*)
 .bss           0x00000000000344e0        0x0 /usr/lib/gcc/i686-linux-gnu/5/../../../i386-linux-gnu/crti.o
 .bss           0x00000000000344e0        0x1 /usr/lib/gcc/i686-linux-gnu/5/crtbeginS.o
 *fill*         0x00000000000344e1        0x3 
 .bss           0x00000000000344e4       0x10 device.o
 *fill*         0x00000000000344f4        0xc 
 .bss           0x0000000000034500     0x2030 build/cooja/mtype313.o
 .bss           0x0000000000036530        0x1 build/cooja/mtype313.a(simEnvChange.o)
                0x0000000000036530                simDontFallAsleep
 *fill*         0x0000000000036531        0x3 
 .bss           0x0000000000036534        0x4 build/cooja/mtype313.a(cooja_mt.o)
 .bss           0x0000000000036538        0x4 build/cooja/mtype313.a(cooja_mtarch.o)
 .bss           0x000000000003653c        0x0 build/cooja/mtype313.a(rtimer-arch.o)
 .bss           0x000000000003653c        0x0 build/cooja/mtype313.a(beep.o)
 .bss           0x000000000003653c        0x1 build/cooja/mtype313.a(leds-arch.o)
                0x000000000003653c                simLedsValue
 .bss           0x000000000003653d        0x0 build/cooja/mtype313.a(moteid.o)
 .bss           0x000000000003653d        0x1 build/cooja/mtype313.a(pir-sensor.o)
                0x000000000003653d                simPirValue
 *fill*         0x000000000003653e        0x2 
 .bss           0x0000000000036540        0x4 build/cooja/mtype313.a(rs232.o)
 .bss           0x0000000000036544        0x1 build/cooja/mtype313.a(vib-sensor.o)
                0x0000000000036544                simVibValue
 .bss           0x0000000000036545        0x0 build/cooja/mtype313.a(clock.o)
 *fill*         0x0000000000036545       0x1b 
 .bss           0x0000000000036560     0x2020 build/cooja/mtype313.a(cooja-log.o)
 .bss           0x0000000000038580      0xfc0 build/cooja/mtype313.a(cfs-cooja.o)
                0x0000000000038580                simCFSData
                0x0000000000039520                simCFSSize
                0x0000000000039524                simCFSChanged
                0x0000000000039528                simCFSRead
                0x000000000003952c                simCFSWritten
 .bss           0x0000000000039540       0x24 build/cooja/mtype313.a(cooja-radio.o)
                0x0000000000039540                simReceiving
                0x0000000000039544                simInSize
                0x0000000000039548                simLastPacketTimestamp
                0x0000000000039550                simOutSize
 .bss           0x0000000000039564        0xc build/cooja/mtype313.a(eeprom.o)
                0x0000000000039564                simEEPROMChanged
                0x0000000000039568                simEEPROMRead
                0x000000000003956c                simEEPROMWritten
 .bss           0x0000000000039570        0x0 build/cooja/mtype313.a(random.o)
 .bss           0x0000000000039570        0xc build/cooja/mtype313.a(sensors.o)
 .bss           0x000000000003957c        0x0 build/cooja/mtype313.a(leds.o)
 .bss           0x000000000003957c       0x24 build/cooja/mtype313.a(gpio-hal-arch.o)
 .bss           0x00000000000395a0        0x0 build/cooja/mtype313.a(buttons.o)
 .bss           0x00000000000395a0        0x0 build/cooja/mtype313.a(res_humidity.o)
 .bss           0x00000000000395a0      0x190 build/cooja/mtype313.a(coap-engine.o)
 .bss           0x0000000000039730        0x0 build/cooja/mtype313.a(coap-res-well-k)
 *fill*         0x0000000000039730       0x10 
 .bss           0x0000000000039740      0x120 build/cooja/mtype313.a(coap-observe.o)
 .bss           0x0000000000039860       0x18 build/cooja/mtype313.a(coap-uip.o)
 .bss           0x0000000000039878        0x5 build/cooja/mtype313.a(coap-timer.o)
 *fill*         0x000000000003987d        0x3 
 .bss           0x0000000000039880      0x334 build/cooja/mtype313.a(coap-transactio)
 .bss           0x0000000000039bb4        0x6 build/cooja/mtype313.a(coap.o)
                0x0000000000039bb4                coap_status_code
 .bss           0x0000000000039bba        0x0 build/cooja/mtype313.a(contiki-main.o)
 .bss           0x0000000000039bba        0x0 build/cooja/mtype313.a(autostart.o)
 *fill*         0x0000000000039bba        0x2 
 .bss           0x0000000000039bbc        0x5 build/cooja/mtype313.a(ctimer.o)
 *fill*         0x0000000000039bc1        0x3 
 .bss           0x0000000000039bc4       0x2c build/cooja/mtype313.a(log.o)
                0x0000000000039bc4                curr_log_level_rpl
                0x0000000000039bc8                curr_log_level_tcpip
                0x0000000000039bcc                curr_log_level_ipv6
                0x0000000000039bd0                curr_log_level_6lowpan
                0x0000000000039bd4                curr_log_level_nullnet
                0x0000000000039bd8                curr_log_level_mac
                0x0000000000039bdc                curr_log_level_framer
                0x0000000000039be0                curr_log_level_6top
                0x0000000000039be4                curr_log_level_coap
                0x0000000000039be8                curr_log_level_snmp
                0x0000000000039bec                curr_log_level_lwm2m
 .bss           0x0000000000039bf0        0x0 build/cooja/mtype313.a(energest.o)
 .bss           0x0000000000039bf0        0x8 build/cooja/mtype313.a(etimer.o)
 .bss           0x0000000000039bf8        0x2 build/cooja/mtype313.a(node-id.o)
                0x0000000000039bf8                node_id
 *fill*         0x0000000000039bfa        0x2 
 .bss           0x0000000000039bfc        0x4 build/cooja/mtype313.a(rtimer.o)
 .bss           0x0000000000039c00      0x1a1 build/cooja/mtype313.a(process.o)
                0x0000000000039c00                process_list
                0x0000000000039c04                process_current
 .bss           0x0000000000039da1        0x0 build/cooja/mtype313.a(timer.o)
 .bss           0x0000000000039da1        0x0 build/cooja/mtype313.a(list.o)
 .bss           0x0000000000039da1        0x0 build/cooja/mtype313.a(memb.o)
 *fill*         0x0000000000039da1        0x3 
 .bss           0x0000000000039da4       0x10 build/cooja/mtype313.a(button-hal.o)
 *fill*         0x0000000000039db4        0xc 
 .bss           0x0000000000039dc0      0x140 build/cooja/mtype313.a(serial-line.o)
 .bss           0x0000000000039f00        0x4 build/cooja/mtype313.a(gpio-hal.o)
 *fill*         0x0000000000039f04       0x1c 
 .bss           0x0000000000039f20     0x2c80 build/cooja/mtype313.a(queuebuf.o)
 .bss           0x000000000003cba0       0xa0 build/cooja/mtype313.a(packetbuf.o)
 .bss           0x000000000003cc40        0x4 build/cooja/mtype313.a(netstack.o)
 .bss           0x000000000003cc44        0x0 build/cooja/mtype313.a(linkaddr.o)
 .bss           0x000000000003cc44        0x0 build/cooja/mtype313.a(csma.o)
 *fill*         0x000000000003cc44       0x1c 
 .bss           0x000000000003cc60      0x726 build/cooja/mtype313.a(csma-output.o)
 *fill*         0x000000000003d386        0x2 
 .bss           0x000000000003d388       0x30 build/cooja/mtype313.a(uip-ds6.o)
 .bss           0x000000000003d3b8        0x0 build/cooja/mtype313.a(uip-udp-packet.)
 *fill*         0x000000000003d3b8        0x8 
 .bss           0x000000000003d3c0      0x2a4 build/cooja/mtype313.a(uip-ds6-route.o)
 .bss           0x000000000003d664       0x10 build/cooja/mtype313.a(tcpip.o)
 .bss           0x000000000003d674        0x8 build/cooja/mtype313.a(uip6.o)
                0x000000000003d674                uip_ext_bitmap
                0x000000000003d676                uip_ext_len
                0x000000000003d678                uip_last_proto
 *fill*         0x000000000003d67c        0x4 
 .bss           0x000000000003d680       0xf0 build/cooja/mtype313.a(uip-ds6-nbr.o)
 .bss           0x000000000003d770       0x10 build/cooja/mtype313.a(uip-nd6.o)
 .bss           0x000000000003d780      0x724 build/cooja/mtype313.a(sicslowpan.o)
 .bss           0x000000000003dea4        0x0 build/cooja/mtype313.a(uiplib.o)
 .bss           0x000000000003dea4        0x1 build/cooja/mtype313.a(rpl.o)
 .bss           0x000000000003dea5        0x0 build/cooja/mtype313.a(rpl-icmp6.o)
 *fill*         0x000000000003dea5        0x3 
 .bss           0x000000000003dea8       0x11 build/cooja/mtype313.a(rpl-dag-root.o)
 .bss           0x000000000003deb9        0x0 build/cooja/mtype313.a(watchdog.o)
 *fill*         0x000000000003deb9        0x3 
 .bss           0x000000000003debc        0x4 build/cooja/mtype313.a(int-master.o)
 .bss           0x000000000003dec0       0x1c build/cooja/mtype313.a(coap-timer-defa)
 .bss           0x000000000003dedc        0x0 build/cooja/mtype313.a(stimer.o)